============================= test session starts ==============================
platform darwin -- Python 3.14.6, pytest-9.1.1, pluggy-1.6.0 -- /Users/george/projects/vs-avsreader-zig/tests/.venv/bin/python
cachedir: .pytest_cache
rootdir: /Users/george/projects/vs-avsreader-zig/tests
configfile: pyproject.toml
collecting ... collected 118 items

test_external.py::TestAddGrainC::test_basic SKIPPED (external AviSyn...) [  0%]
test_external.py::TestMVTools2::test_super_analyse SKIPPED (external...) [  1%]
test_external.py::TestMasktools2::test_mt_lut SKIPPED (external AviS...) [  2%]
test_external.py::TestTIVTC::test_tfm SKIPPED (external AviSynth+ pl...) [  3%]
test_external.py::TestSourcePlugins::test_ffms2_loads SKIPPED (exter...) [  4%]
test_external.py::TestAvsiWithPlugins::test_ex_tools_loads_with_plugins SKIPPED [  5%]
test_stdlib.py::TestSource::test_blankclip PASSED                        [  5%]
test_stdlib.py::TestSource::test_blankclip_length PASSED                 [  6%]
test_stdlib.py::TestSource::test_blankclip_color PASSED                  [  7%]
test_stdlib.py::TestSource::test_colorbars PASSED                        [  8%]
test_stdlib.py::TestSource::test_colorbars_hd PASSED                     [  9%]
test_stdlib.py::TestSource::test_version PASSED                          [ 10%]
test_stdlib.py::TestSource::test_blackness PASSED                        [ 11%]
test_stdlib.py::TestColourConversion::test_yv12_to_yv24 PASSED           [ 11%]
test_stdlib.py::TestColourConversion::test_yv12_to_yv16 PASSED           [ 12%]
test_stdlib.py::TestColourConversion::test_yv12_to_y8 PASSED             [ 13%]
test_stdlib.py::TestColourConversion::test_yv24_to_yv12 PASSED           [ 14%]
test_stdlib.py::TestColourConversion::test_yv16_to_yv12 PASSED           [ 15%]
test_stdlib.py::TestColourConversion::test_yv24_to_rgb24 PASSED          [ 16%]
test_stdlib.py::TestColourConversion::test_yv24_to_rgb32 PASSED          [ 16%]
test_stdlib.py::TestColourConversion::test_rgb24_to_yv24 PASSED          [ 17%]
test_stdlib.py::TestColourConversion::test_y8_to_yv12 PASSED             [ 18%]
test_stdlib.py::TestColourConversion::test_yv12_to_yuy2 PASSED           [ 19%]
test_stdlib.py::TestResizing::test_point PASSED                          [ 20%]
test_stdlib.py::TestResizing::test_bilinear PASSED                       [ 21%]
test_stdlib.py::TestResizing::test_bicubic PASSED                        [ 22%]
test_stdlib.py::TestResizing::test_lanczos PASSED                        [ 22%]
test_stdlib.py::TestResizing::test_spline16 PASSED                       [ 23%]
test_stdlib.py::TestResizing::test_spline36 PASSED                       [ 24%]
test_stdlib.py::TestResizing::test_spline64 PASSED                       [ 25%]
test_stdlib.py::TestResizing::test_gauss PASSED                          [ 26%]
test_stdlib.py::TestResizing::test_lanczos4 PASSED                       [ 27%]
test_stdlib.py::TestResizing::test_blackman PASSED                       [ 27%]
test_stdlib.py::TestResizing::test_sinc PASSED                           [ 28%]
test_stdlib.py::TestTemporal::test_trim PASSED                           [ 29%]
test_stdlib.py::TestTemporal::test_trim_start PASSED                     [ 30%]
test_stdlib.py::TestTemporal::test_trim_end PASSED                       [ 31%]
test_stdlib.py::TestTemporal::test_splice PASSED                         [ 32%]
test_stdlib.py::TestTemporal::test_splice_concat PASSED                  [ 33%]
test_stdlib.py::TestTemporal::test_delete_frame PASSED                   [ 33%]
test_stdlib.py::TestTemporal::test_duplicate_frame PASSED                [ 34%]
test_stdlib.py::TestTemporal::test_reverse PASSED                        [ 35%]
test_stdlib.py::TestTemporal::test_fadein0 PASSED                        [ 36%]
test_stdlib.py::TestTemporal::test_fadeout0 PASSED                       [ 37%]
test_stdlib.py::TestTemporal::test_dissolve PASSED                       [ 38%]
test_stdlib.py::TestTemporal::test_loop PASSED                           [ 38%]
test_stdlib.py::TestTemporal::test_freezeframe PASSED                    [ 39%]
test_stdlib.py::TestTemporal::test_trim_and_splice PASSED                [ 40%]
test_stdlib.py::TestTemporal::test_interleave PASSED                     [ 41%]
test_stdlib.py::TestTemporal::test_select_every PASSED                   [ 42%]
test_stdlib.py::TestTemporal::test_select_even PASSED                    [ 43%]
test_stdlib.py::TestTemporal::test_select_odd PASSED                     [ 44%]
test_stdlib.py::TestSpatial::test_crop PASSED                            [ 44%]
test_stdlib.py::TestSpatial::test_crop_absolute PASSED                   [ 45%]
test_stdlib.py::TestSpatial::test_add_borders PASSED                     [ 46%]
test_stdlib.py::TestLevels::test_levels PASSED                           [ 47%]
test_stdlib.py::TestLevels::test_coloryuv PASSED                         [ 48%]
test_stdlib.py::TestLevels::test_rgbadjust PASSED                        [ 49%]
test_stdlib.py::TestChroma::test_greyscale PASSED                        [ 50%]
test_stdlib.py::TestFrameProps::test_assume_fps PASSED                   [ 50%]
test_stdlib.py::TestFrameProps::test_assume_fps_int PASSED               [ 51%]
test_stdlib.py::TestFrameProps::test_info PASSED                         [ 52%]
test_stdlib.py::TestInterlacing::test_separate_fields PASSED             [ 53%]
test_stdlib.py::TestInterlacing::test_weave PASSED                       [ 54%]
test_stdlib.py::TestInterlacing::test_double_weave PASSED                [ 55%]
test_stdlib.py::TestInterlacing::test_complement_parity PASSED           [ 55%]
test_stdlib.py::TestAudio::test_kill_audio PASSED                        [ 56%]
test_stdlib.py::TestAudio::test_amplify PASSED                           [ 57%]
test_stdlib.py::TestAudio::test_convert_audio PASSED                     [ 58%]
test_stdlib.py::TestRobustness::test_empty_script PASSED                 [ 59%]
test_stdlib.py::TestRobustness::test_empty_eval PASSED                   [ 60%]
test_stdlib.py::TestRobustness::test_invalid_bitdepth PASSED             [ 61%]
test_stdlib.py::TestRobustness::test_zero_length_eval PASSED             [ 61%]
test_stdlib.py::TestRobustness::test_avisynth_errors_do_not_abort[BlankClip(length=10, width=64, height=64, pixel_type="YV12")\nPeculiarBlend()] PASSED [ 62%]
test_stdlib.py::TestRobustness::test_avisynth_errors_do_not_abort[BlankClip(length=10, width=64, height=64, pixel_type="YV12")\nFixBrokenChromaUpsampling()] PASSED [ 63%]
test_stdlib.py::TestRobustness::test_avisynth_errors_do_not_abort[ShowFiveVersions()] PASSED [ 64%]
test_stdlib.py::TestOverlays::test_subtitle PASSED                       [ 65%]
test_stdlib.py::TestOverlays::test_showframenumber PASSED                [ 66%]
test_stdlib.py::TestOverlays::test_showsmpte PASSED                      [ 66%]
test_stdlib.py::TestOverlays::test_showtime PASSED                       [ 67%]
test_stdlib.py::TestOverlays::test_histogram_classic PASSED              [ 68%]
test_stdlib.py::TestOverlays::test_histogram_levels PASSED               [ 69%]
test_stdlib.py::TestPlanes::test_greyscale PASSED                        [ 70%]
test_stdlib.py::TestPlanes::test_swapuv PASSED                           [ 71%]
test_stdlib.py::TestPlanes::test_utoy PASSED                             [ 72%]
test_stdlib.py::TestPlanes::test_vtoy PASSED                             [ 72%]
test_stdlib.py::TestPlanes::test_ytouv PASSED                            [ 73%]
test_stdlib.py::TestPlanes::test_mergechroma PASSED                      [ 74%]
test_stdlib.py::TestPlanes::test_mergeluma PASSED                        [ 75%]
test_stdlib.py::TestPlanes::test_show_red_green_blue PASSED              [ 76%]
test_stdlib.py::TestMerge::test_merge PASSED                             [ 77%]
test_stdlib.py::TestMerge::test_merge_rgb PASSED                         [ 77%]
test_stdlib.py::TestMerge::test_overlay PASSED                           [ 78%]
test_stdlib.py::TestMerge::test_layer PASSED                             [ 79%]
test_stdlib.py::TestTransforms::test_turn_left PASSED                    [ 80%]
test_stdlib.py::TestTransforms::test_turn_right PASSED                   [ 81%]
test_stdlib.py::TestTransforms::test_turn180 PASSED                      [ 82%]
test_stdlib.py::TestTransforms::test_flip_horizontal PASSED              [ 83%]
test_stdlib.py::TestTransforms::test_flip_vertical PASSED                [ 83%]
test_stdlib.py::TestStacking::test_stack_horizontal PASSED               [ 84%]
test_stdlib.py::TestStacking::test_stack_vertical PASSED                 [ 85%]
test_stdlib.py::TestColourFilters::test_invert PASSED                    [ 86%]
test_stdlib.py::TestColourFilters::test_tweak PASSED                     [ 87%]
test_stdlib.py::TestColourFilters::test_limiter PASSED                   [ 88%]
test_stdlib.py::TestColourFilters::test_rgbadjust_all_channels PASSED    [ 88%]
test_stdlib.py::TestColourFilters::test_coloryuv_cont PASSED             [ 89%]
test_stdlib.py::TestFieldMode::test_assume_field_based PASSED            [ 90%]
test_stdlib.py::TestFieldMode::test_assume_frame_based PASSED            [ 91%]
test_stdlib.py::TestFieldMode::test_bob PASSED                           [ 92%]
test_stdlib.py::TestFieldMode::test_assume_bff PASSED                    [ 93%]
test_stdlib.py::TestMiscFilters::test_compare PASSED                     [ 94%]
test_stdlib.py::TestMiscFilters::test_general_convolution PASSED         [ 94%]
test_stdlib.py::TestMiscFilters::test_conditional_filter PASSED          [ 95%]
test_stdlib.py::TestMiscFilters::test_convert_to[RGB24-537395200] PASSED [ 96%]
test_stdlib.py::TestMiscFilters::test_convert_to[YV12-805830913] PASSED  [ 97%]
test_stdlib.py::TestMiscFilters::test_convert_to[YV16-805830912] PASSED  [ 98%]
test_stdlib.py::TestMiscFilters::test_convert_to[YV24-805830656] PASSED  [ 99%]
test_stdlib.py::TestMiscFilters::test_convert_to[Y8-268959744] PASSED    [100%]

======================== 112 passed, 6 skipped in 0.46s ========================
